[ 44%] Built target sm2ecqv
[ 51%] Built target sm2_demo
[ 58%] Built target sm2_test_sync_flow
[ 65%] Built target sm2_test_cert_flow
[100%] Built target test_all
Test project D:/cursor/workplace/AeroPKI-Lite/build_local
    Start 1: unit_tests
1/1 Test #1: unit_tests .......................   Passed   11.11 sec

100% tests passed, 0 tests failed out of 1

Total Test time (real) =  11.12 sec
